height 40
@@@@@@@@@@@@@@@@@@@@WWWWWWWWWWWWWWWWWWWWWWWWWWWWWWWW.........@@@@@@@@@@@@@@@@TTTTTTTTTTTTT.............................................................................................TTTTTTTTTTTTTTTTTTTTTT..........................................TTTTTTTTTTTTTTTT@@@......................TTTTTTTTTTTTTTTTTTTT..................................@......TTTTTTTTTTTTTTTTTTTTTTT......................................................................................................TTTTTTTTTTTTT@@@WWW@@@@@@@@@@@@@@@@@@@
@@@@@@@@@@@@@@@@@@@@WWWWWWWWWWWWWWWWWWWWWWWWWWWW....WWW.........@@@@@@@WWW@@@@@@TTTTTTT................................................................................................TTTTTTTTTTTTTTTTTTTTTT................................................TTTTTTTTTT..@......................TTTTTTTTTTTTTTTTTTTT................................TTTTTTTTTTTTTTTTTTTTTTTTTTTTTTTT......................................................................................................TTTTTTTTTTTTT@@@WWW@@@@@@@@@@@@@@@@@@@
@@@@@@@@@@@@@@@@@@@@WWWWWWWWWWWWWWWWWWWWWWWWWWWW....WWW.........@@@@@@@WWW@@@@@@TTTTTTT................................................................................................TTTTTTTTTTTTTTTTTTTTTT................................................TTTTTTTTTT..@......................TTTTTTTTTTTTTTTTTTTT................................TTTTTTTTTTTTTTTTTTTTTTTTTTTTTTTT......................................................................................................TTTTTTTTTTTTT@@@WWW@@@@@@@@@@@@@@@@@@@
@@@@@@@@@@@@@@@@@@@@WWWWWWWWWWWWWWWWWWWWWWWWWWWW....WWW.........@@@@@@@WWW@@@@@@TTTTTTT................................................................................................TTTTTTTTTTTTTTTTTTTTTT................................................TTTTTTTTTT..@......................TTTTTTTTTTTTTTTTTTTT................................TTTTTTTTTTTTTTTTTTTTTTTTTTTTTTTT......................................................................................................TTTTTTTTTTTTT@@@WWW@@@@@@@@@@@@@@@@@@@
@@@@@@@@@@@@@@@@@@@@WWWWWWWWWWWWWWWWWWWWWWWWWWWW....WWW.........@@@@@@@WWW@@@@@@TTTTTTT................................................................................................TTTTTTTTTTTTTTTTTTTTTT................................................TTTTTTTTTT..@@@@@@@@@@@...@@@@@@@@@TTTTTTTTTTTTTTTTTTTT................................TTTTTTTTTTTTTTTTTTTTTTTTTTTTTTTT......................................................................................................TTTTTTTTTTTTT@@@WWW@@@@@@@@@@@@@@@@@@@
@@@@@@@@@@@@@@@@@@@@WWWWWWWWWWWWWWWWWWWWWWWWWWWW..........................WWW@@@TTTT...................................................................................................TTTTTTTTTTTTTTTTTTTTTTTTTTTTT................................................TTT............@..@.........TTTTTTTTTTTTTTTT..........................................TTTTTTTTTTTTTTTTTTTTTTTTTT......................................................................................................TTTTTT.......@@@WWW@@@@@@@@@@@@@@@@@@@
@@@@@@@@@@@@@@@@@@@@WWWWWWWWWWWWWWWWWWWWWWWWWWWW..........................WWW@@@TTTT...................................................................................................TTTTTTTTTTTTTTTTTTTTTTTTTTTTT................................................TTT............@..@.........TTTTTTTTTTTTTTTT..........................................TTTTTTTTTTTTTTTTTTTTTTTTTT......................................................................................................TTTTTT.......@@@WWW@@@@@@@@@@@@@@@@@@@
@@@@@@@@@@@@@@@@@@@@WWWWWWWWWWWWWWWWWWWWWWWWWWWW..........................WWW@@@TTTT@@@................................................................................................TTTTTTTTTTTTTTTTTTTTTTTTTTTTT................................................TTT............@@@@.........TTTTTTTTTTTTTTTT..........................................TTTTTTTTTTTTTTTTTTTTTTTTTT...................................................................................................@@@TTTTTT.......@@@WWW@@@@@@@@@@@@@@@@@@@
@@@@@@@@@@@@@@@@@@@@WWWWWWWWWWWWWWWWWWWWWWWWWWWWTTTT............TTTTTTT................TTTTTT.............................................................................................TTTTTTTTTTTTTTTTTTTTTTTTTTTTT.........................................................................TTTT................................................TTT.............TTTTTTTTT.......................................................TTT...................................TTTTTT......@......TTTTTTT.........@@@@@@@@@@@@@@@@@@@
@@@@@@@@@@@@@@@@@@@@WWWWWWWWWWWWWWWWWWWWWWWWWWWWTTTT............TTTTTTT................TTTTTT.............................................................................................TTTTTTTTTTTTTTTTTTTTTTTTTTTTT.........................................................................TTTT................................................TTT.............TTTTTTTTT.......................................................TTT...................................TTTTTT......@......TTTTTTT.........@@@@@@@@@@@@@@@@@@@
@@@@@@@@@@@@@@@@@@@@WWWWWWWWWWWWWWWWWWWWWWWWWWWWTTTT............TTTTTTT................TTTTTT.............................................................................................TTTTTTTTTTTTTTTTTTTTTTTTTTTTT.........................................................................TTTT................................................TTT.............TTTTTTTTT.......................................................TTT...................................TTTTTT@@@@@@@......TTTTTTT.........@@@@@@@@@@@@@@@@@@@
@@@@@@@@@@@@@@@@@@@@WWWWWWWWWWWWWWWWWWWWWWWWW.......................TTT.............TTTTTTTTT.......................................................................................TTTTTTTTTTTTTTTTTTTTTTTTTTTTTTTTTTT.........................................................................................................................TTTTTTTTTTTTTTTT..........TTT................................................TTTTTTTTTT...TTTTTT..........................TTTTTT..........@@@@@@.............@@@@@@@@@@@@@@@@@@@
@@@@@@@@@@@@@@@@@@@@WWWWWWWWWWWWWWWWWWWWWWWWW.......................TTT.............TTTTTTTTT.......................................................................................TTTTTTTTTTTTTTTTTTTTTTTTTTTTTTTTTTT.........................................................................................................................TTTTTTTTTTTTTTTT..........TTT................................................TTTTTTTTTT...TTTTTT..........................TTTTTT..........@@@@@@.............@@@@@@@@@@@@@@@@@@@
@@@@@@@@@@@@@@@@@@@@WWWWWWWWWWWWWWWWWWWWWWWWW.......................TTT.........@@@@TTTTTTTTT.......................................................................................TTTTTTTTTTTTTTTTTTTTTTTTTTTTTTTTTTT.........................................................................................................................TTTTTTTTTTTTTTTT..........TTT................................................TTTTTTTTTT...TTTTTT..........................TTTTTT..........@@@@@@.............@@@@@@@@@@@@@@@@@@@
@@@@@@@@@@@@@@@@@@@@WWWWWWWWWWWWWWWWWWWWWWWWWWWW....................................TTTTTTTTT.......................................TTTTTT...TTT................................TTTTTTTTTTTTTTTTTTTTTTTTTTTTTTTTTTTTTTTTTT......................................................................................................................TTTTTTTTTTTTTTTTTTTTTTT.....@.............................................TTTTTTTTTTTTTTTTTTTTTTTTTT......................TTTTTT.............................@@@@@@@@@@@@@@@@@@@
@@@@@@@@@@@@@@@@@@@@WWWWWWWWWWWWWWWWWWWWWWWWWWWW....................................TTTTTTTTT.......................................TTTTTT...TTT................................TTTTTTTTTTTTTTTTTTTTTTTTTTTTTTTTTTTTTTTTTT......................................................................................................................TTTTTTTTTTTTTTTTTTTTTTT.....@.............................................TTTTTTTTTTTTTTTTTTTTTTTTTT......................TTTTTT.............................@@@@@@@@@@@@@@@@@@@
@@@@@@@@@@@@@@@@@@@@WWWWWWWWWWWWWWWWWWWWWWWWWWWW....................................TTTTTTTTT.......................................TTTTTT...TTT................................TTTTTTTTTTTTTTTTTTTTTTTTTTTTTTTTTTTTTTTTTT......................................................................................................................TTTTTTTTTTTTTTTTTTTTTTT...@@@.............................................TTTTTTTTTTTTTTTTTTTTTTTTTT......................TTTTTT.............................@@@@@@@@@@@@@@@@@@@
@@@@@@@@@@@@@@@@@@@@WWWWWWWWWWWWWWWWWWWWWWWWWWWW....................................................................................TTTTTTTTTTTTTTTT............................TTTTTTTTTT...TTTTTTTTTTTTTTTTTTTTTTTTTTTTT..........................................................................................................................TTTTTTTTT...TTTT............................................TTTT...TTTTTTTTTTTTTTTTTTTTTTTTT..........................................................TTT@@@@@@@@@@@@@@@@@@@
@@@@@@@@@@@@@@@@@@@@WWWWWWWWWWWWWWWWWWWWWWWWWWWW....................................................................................TTTTTTTTTTTTTTTT............................TTTTTTTTTT...TTTTTTTTTTTTTTTTTTTTTTTTTTTTT..........................................................................................................................TTTTTTTTT...TTTT............................................TTTT...TTTTTTTTTTTTTTTTTTTTTTTTT..........................................................TTT@@@@@@@@@@@@@@@@@@@
@@@@@@@@@@@@@@@@@@@@WWWWWWWWWWWWWWWWWWWWWWWWWWWW....................................................................................TTTTTTTTTTTTTTTT............................TTTTTTTTTT...TTTTTTTTTTTTTTTTTTTTTTTTTTTTT..........................................................................................................................TTTTTTTTT...TTTT............................................TTTT...TTTTTTTTTTTTTTTTTTTTTTTTT..........................................................TTT@@@@@@@@@@@@@@@@@@@
@@@@@@@@@@@@@@@@@@@@WWWWWWWWWWWWWWWWWWWWWWWWWWWW....................................................................................TTTTTTTTTTTTTTTT............................TTTTTTTTTT...TTTTTTTTTTTTTTTTTTTTTTTTTTTTT..........................................................................................................................TTTTTTTTT...TTTT............................................TTTT...TTTTTTTTTTTTTTTTTTTTTTTTT..........................................................TTT@@@@@@@@@@@@@@@@@@@
@@@@@@@@@@@@@@@@@@@@WWWWWWWWWWWWWWWWWWWWWWWWWWWW@@@@...................................................................TTT......TTTTTTTTTTTTTTTTTTTT............................TTTTTTT.T...........TTT.........TTTTTTT.............................................................................................................................TTT......................................................TTTTTTTTTTTTTTTTTTTTTTTTTTTTTTTT................................................................@@@@@@@@@@@@@@@@@@@
@@@@@@@@@@@@@@@@@@@@WWWWWWWWWWWWWWWWWWWWWWWWWWWW@@@@...................................................................TTT......TTTTTTTTTTTTTTTTTTTT............................TTTTTTT.T...........TTT.........TTTTTTT.............................................................................................................................TTT......................................................TTTTTTTTTTTTTTTTTTTTTTTTTTTTTTTT................................................................@@@@@@@@@@@@@@@@@@@
@@@@@@@@@@@@@@@@@@@@WWWWWWWWWWWWWWWWWWWWWWWWWWWW@@@@...................................................................TTT......TTTTTTTTTTTTTTTTTTTT............................TTTTTTT.T@..........TTT.........TTTTTTT.............................................................................................................................TTT......................................................TTTTTTTTTTTTTTTTTTTTTTTTTTTTTTTT................................................................@@@@@@@@@@@@@@@@@@@
@@@@@@@@@@@@@@@@@@@@WWWWWWWWWWWWWWWWWWWWWWWWW@@@@@@@@@@.............................................................TTTTTTTTTTTTTTTTTTTTTTTTTTTTTTTTTTTTTT................................................................................................................................................................................................................................................TTTTTTTTTTTTTTTTTTTTTTTTTTTTTTTTTTT................................................................@@@@@@@@@@@@@@@@@@@
@@@@@@@@@@@@@@@@@@@@WWWWWWWWWWWWWWWWWWWWWWWWW@@@@@@@@@@.............................................................TTTTTTTTTTTTTTTTTTTTTTTTTTTTTTTTTTTTTT................................................................................................................................................................................................................................................TTTTTTTTTTTTTTTTTTTTTTTTTTTTTTTTTTT................................................................@@@@@@@@@@@@@@@@@@@
@@@@@@@@@@@@@@@@@@@@WWWWWWWWWWWWWWWWWWWWWWWWW@@@@@@@@@@.............................................................TTTTTTTTTTTTTTTTTTTTTTTTTTTTTTTTTTTTTT................................................................................................................................................................................................................................................TTTTTTTTTTTTTTTTTTTTTTTTTTTTTTTTTTT................................................................@@@@@@@@@@@@@@@@@@@
@@@@@@@@@@@@@@@@@@@@WWWWWWWWWWWWWWWWWWWWWW@@@@@@@@@@............................................................TTTTTTTTTTTTTTTTTTTTTTTTTTTTTTTTTTTTTTTTTT...................................................................................................................................................................................................................................................TTTTTTTTTTTTTTTTTTTTTTTTTTTTTTTTTTT..........................................................WWW@@@@@@@@@@@@@@@@@@@
@@@@@@@@@@@@@@@@@@@@WWWWWWWWWWWWWWWWWWWWWW@@@@@@@@@@............................................................TTTTTTTTTTTTTTTTTTTTTTTTTTTTTTTTTTTTTTTTTT...................................................................................................................................................................................................................................................TTTTTTTTTTTTTTTTTTTTTTTTTTTTTTTTTTT..........................................................WWW@@@@@@@@@@@@@@@@@@@
@@@@@@@@@@@@@@@@@@@@WWWWWWWWWWWWWWWWWWWWWW@@@@@@@@@@............................................................TTTTTTTTTTTTTTTTTTTTTTTTTTTTTTTTTTTTTTTTTT...................................................................................................................................................................................................................................................TTTTTTTTTTTTTTTTTTTTTTTTTTTTTTTTTTT..........................................................WWW@@@@@@@@@@@@@@@@@@@
@@@@@@@@@@@@@@@@@@@@WWWWWWWWWWWWWWWWWWWWWWWWW.......................................................................TTTTTTTTTTTTTTTTTTTTTTTTTTTTTTTTTTTTTT...................................................................................................................................................................................................................................................TTTTTTTTTTTTTTTTTTTTTTTTTTTTTTTT.............................................................WWW@@@@@@@@@@@@@@@@@@@
@@@@@@@@@@@@@@@@@@@@WWWWWWWWWWWWWWWWWWWWWWWWW.......................................................................TTTTTTTTTTTTTTTTTTTTTTTTTTTTTTTTTTTTTT...................................................................................................................................................................................................................................................TTTTTTTTTTTTTTTTTTTTTTTTTTTTTTTT.............................................................WWW@@@@@@@@@@@@@@@@@@@
@@@@@@@@@@@@@@@@@@@@WWWWWWWWWWWWWWWWWWWWWWWWW.......................................................................TTTTTTTTTTTTTTTTTTTTTTTTTTTTTTTTTTTTTT...................................................................................................................................................................................................................................................TTTTTTTTTTTTTTTTTTTTTTTTTTTTTTTT.............................................................WWW@@@@@@@@@@@@@@@@@@@
@@@@@@@@@@@@@@@@@@@@WWWWWWWWWWWWWWWWWWWWWW......................................................................TTTTTTTTTTTTTTTTTTTTTTTTTTTTTTTTTTTTTTTTTT...................................................................................................................................................................................................................................................TTTTTTTTTTTTTTTTTTTTTTTTTTTTT...................................................................@@@@@@@@@@@@@@@@@@@
@@@@@@@@@@@@@@@@@@@@WWWWWWWWWWWWWWWWWWWWWW......................................................................TTTTTTTTTTTTTTTTTTTTTTTTTTTTTTTTTTTTTTTTTT...................................................................................................................................................................................................................................................TTTTTTTTTTTTTTTTTTTTTTTTTTTTT...................................................................@@@@@@@@@@@@@@@@@@@
@@@@@@@@@@@@@@@@@@@@WWWWWWWWWWWWWWWWWWWWWW......................................................................TTTTTTTTTTTTTTTTTTTTTTTTTTTTTTTTTTTTTTTTTT...................................................................................................................................................................................................................................................TTTTTTTTTTTTTTTTTTTTTTTTTTTTT...................................................................@@@@@@@@@@@@@@@@@@@
@@@@@@@@@@@@@@@@@@@@WWWWWWWWWWWWWWWWWWWWWW......................................................................TTTTTTTTTTTTTTTTTTTTTTTTTTTTTTTTTTTTTTTTTT...................................................................................................................................................................................................................................................TTTTTTTTTTTTTTTTTTTTTTTTTTTTT...................................@@@.............................@@@@@@@@@@@@@@@@@@@
@@@@@@@@@@@@@@@@@@@@WWWWWWWWWWWWWWWWWWWWWW...................................................................TTTTTTTTTTTTTTTTTTTTTTTTTTTTTTTTTTTTTTT.........................................................................................................................................TTTTTTT......................................................................................................TTTTTTTTTTTTTTTTTTTTTTTTTTTTT........................................@.............................@@@@@@@@@@@@@@@@@@@
@@@@@@@@@@@@@@@@@@@@WWWWWWWWWWWWWWWWWWWWWW...................................................................TTTTTTTTTTTTTTTTTTTTTTTTTTTTTTTTTTTTTTT.........................................................................................................................................TTTTTTT......................................................................................................TTTTTTTTTTTTTTTTTTTTTTTTTTTTT........................................@.............................@@@@@@@@@@@@@@@@@@@
@@@@@@@@@@@@@@@@@@@@WWWWWWWWWWWWWWWWWWWWWW......................................@@@@.........................TTTTTTTTTTTTTTTTTTTTTTTTTTTTTTTTTTTTTTT...................................................................................................................@@@...................TTTTTTT......................................................@@@@@@@@@@......@@@.............................TTTTTTTTTTTTTTTTTTTTTTTTTTTTT........................................@.............................@@@@@@@@@@@@@@@@@@@
