height 2
map
@@@@@@@@@@@@@@@@@@@@WWWWWWWWWWWWWWWWWWWWWWWWWWWW..........................WWW@@@TTTT...................................................................................................TTTTTTTTTTTTTTTTTTTTTTTTTTTTT................................................TTT............@..@.........TTTTTTTTTTTTTTTT..........................................TTTTTTTTTTTTTTTTTTTTTTTTTT......................................................................................................TTTTTT.......@@@WWW@@@@@@@@@@@@@@@@@@@
@@@@@@@@@@@@@@@@@@@@WWWWWWWWWWWWWWWWWWWWWWWWWWWW..........................WWW@@@TTTT@@@................................................................................................TTTTTTTTTTTTTTTTTTTTTTTTTTTTT................................................TTT............@@@@.........TTTTTTTTTTTTTTTT..........................................TTTTTTTTTTTTTTTTTTTTTTTTTT...................................................................................................@@@TTTTTT.......@@@WWW@@@@@@@@@@@@@@@@@@@
@@@@@@@@@@@@@@@@@@@@WWWWWWWWWWWWWWWWWWWWWWWWWWWWTTTT............TTTTTTT................TTTTTT.............................................................................................TTTTTTTTTTTTTTTTTTTTTTTTTTTTT.........................................................................TTTT................................................TTT.............TTTTTTTTT.......................................................TTT...................................TTTTTT......@......TTTTTTT.........@@@@@@@@@@@@@@@@@@@
@@@@@@@@@@@@@@@@@@@@WWWWWWWWWWWWWWWWWWWWWWWWWWWWTTTT............TTTTTTT................TTTTTT.............................................................................................TTTTTTTTTTTTTTTTTTTTTTTTTTTTT.........................................................................TTTT................................................TTT.............TTTTTTTTT.......................................................TTT...................................TTTTTT......@......TTTTTTT.........@@@@@@@@@@@@@@@@@@@
